// Jest Snapshot v1, https://goo.gl/fbAQLP

exports[`<DisplayRender /> renders correctly 1`] = `
<View>
  <Text />
</View>
`;
